Xconq 0 --+--+ Random map with a "crater lake";
a real test-piece, difficult to maneuver on, bottlenecked, etc.
Machine players just can't figure this one out - nor can some people!
.
Map 35 31 100 1 0
___________________________________
....+,.............................
....+....+++++~~...................
........+++++++++,.................
......++++++++++~,.................
......%%++++++++++,................
...+%.++++++++++++.................
.......++++++++++++................
......+++++++++++,.......,.........
.......%++++++++++........~~.......
.......%+++++++++..................
..,+%..,%++++++++..................
..+%%%+%%%++++++...................
...%%%%%%%%%%+++%..................
...,%%%%%,%%%%%%...................
.....%%%....,%%%...................
^%...........%%................+^^^
^^^%%........%%%......+........+^^^
^^^^%%......%%%%+.....+.......+^^^^
.%^^^^%.....%%%%%++,+..........^^^%
.+^^^^^%%...%%%%+++++..+.......^^^.
.+^^^%%^^%..%%%%++++++..+.......^^^
+^^^%%%%+%..,%%+++++~+~..+......^^^
^^^^^%%%%%.....++++++^~++++++....^^
^^^^%%%%%........+++~^^^~~~~+....++
+^++.%%%%.........,++~~~~~+~~~.....
.....%%+............++~~~~+........
......%++.............++~+.........
.....,.++..........................
........+%.........................
___________________________________
Units 16 1 0
* Vryburg 8,27 -1
* Mistake*Creek 3,24 -1
@ Paramagudi 6,24 -1
* Tooele 9,24 -1
* Bellows*Falls 6,22 -1
* Atlasburg 10,22 -1
* Adobe*Acres 6,18 -1
* Philomath 22,13 -1
@ Vrigstad 20,10 -1
* Waggaman 1,9 -1
* Yeehaw*Junction 24,9 -1
* Ushtobe 8,8 -1
* Tillamook 16,7 -1
* Hayti 20,7 -1
* Bo*Phloi 24,7 -1
* Buzzards*Bay 20,4 -1
