Xconq 0 --+--+
Map 50 21 100 1 0
__________________________________________________
..................................................
..................................................
..................................................
..................................................
..................................................
..................................................
..................................................
..................................................
+...............................................++
+..........+....................................++
+...............................................++
..................................................
..................................................
..................................................
..................................................
..................................................
..................................................
..................................................
..................................................
__________________________________________________
Units 2 1 0
@ Left 49,10 -1
@ Right 11,10 -1
