Xconq 0 --+--+
Map 50 21 100 1 0
..................................................
..................................................
..................................................
..................................................
..................................................
..+++++++++++.....................................
..+++++++++++.....................................
...+++++++++++....................................
...+++++++++++....................................
....+++++++++++...................................
..................................................
..................................................
..................................................
..................................................
..................................................
..................................................
..................................................
..................................................
..................................................
..................................................
..................................................
Units 4 1 0
@ Top 7,15 -1
@ Left 3,13 -1
@ Right 13,13 -1
@ Bottom 9,11 -1
