Xconq 0 --+--+
Map 50 41 100 1 0
__________________________________________________
..................................................
..................................................
..................................................
..................................................
..................................................
++++++..................................++++++++++
+++++++..................................+++++++++
+++++++..................................+++++++++
..++++++..................................++++++..
++++++++..................................++++++++
+++++++++..................................+++++++
+++++++++..................................+++++++
..........+.......................................
..................................................
..................................................
..................................................
..................................................
..................................................
..................................................
..................................................
..................................................
..................................................
..................................................
..................................................
..................................................
..................................................
..................................................
..................................................
..................................................
..................................................
..................................................
..................................................
..................................................
..................................................
..................................................
..................................................
..................................................
..................................................
..................................................
__________________________________________________
Units 12 1 0
@ Top 47,34 -1
* NW 43,33 -1
* NE 4,33 -1
@ Left 42,31 -1
@ Foo 47,31 -1
@ Bar 2,31 -1
@ Right 7,31 -1
* SW 46,29 -1
* SE 5,29 -1
@ Bottom 0,28 -1
* Baz 3,28 -1
@ Penin 10,27 -1
